// Jest Snapshot v1, https://goo.gl/fbAQLP

exports[`renders correctly 1`] = `"<Badge className="primary">آنلاین کار کن</Badge>"`;

exports[`renders correctly 2`] = `"<Badge className="primary medium full">آنلاین کار کن</Badge>"`;
